** Drc report for ZSWatch-Extension.kicad_pcb **
** Created on 2026-02-20T14:40:58+0000 **

** Found 40 DRC violations **
[clearance]: Clearance violation (netclass 'Default' clearance 0.1000 mm; actual 0.0497 mm)
    ; error
    @(201.606169 mm, 143.268723 mm): Via [Net-(IC501-CS_{ACC})] on F.Cu - B.Cu
    @(200.402944 mm, 145.224264 mm): PCB text '+ (Unreleased)' on B.Cu
[shorting_items]: Items shorting two nets (nets <no net> and Net-(IC501-CS_{ACC}))
    ; error
    @(200.402944 mm, 145.224264 mm): PCB text '+ (Unreleased)' on B.Cu
    @(199.412994 mm, 147.487006 mm): Polygon [Net-(IC501-CS_{ACC})] on B.Cu
[clearance]: Clearance violation (netclass 'Default' clearance 0.1000 mm; actual 0.0000 mm)
    ; error
    @(200.402944 mm, 145.224264 mm): PCB text '+ (Unreleased)' on B.Cu
    @(182.7 mm, 132.5 mm): Zone [GND] on B.Cu, priority 8
[lib_footprint_issues]: The current configuration does not include the footprint library 'Amphenol'.
    ; warning
    @(210.3 mm, 150.6 mm): Footprint X702
[lib_footprint_mismatch]: Footprint 'C_0201_0603Metric' does not match copy in library 'Capacitor_SMD'.
    ; warning
    @(205.725 mm, 157.425 mm): Footprint C603
[lib_footprint_mismatch]: Footprint 'C_0201_0603Metric' does not match copy in library 'Capacitor_SMD'.
    ; warning
    @(208.8925 mm, 143.2 mm): Footprint C505
[lib_footprint_mismatch]: Footprint 'C_0201_0603Metric' does not match copy in library 'Capacitor_SMD'.
    ; warning
    @(208.175 mm, 154.505 mm): Footprint C608
[lib_footprint_mismatch]: Footprint 'L_0201_0603Metric' does not match copy in library 'Inductor_SMD'.
    ; warning
    @(208.6 mm, 145.675 mm): Footprint R502
[lib_footprint_mismatch]: Footprint 'C_0201_0603Metric' does not match copy in library 'Capacitor_SMD'.
    ; warning
    @(201.5 mm, 148.1 mm): Footprint C504
[lib_footprint_mismatch]: Footprint 'C_0201_0603Metric' does not match copy in library 'Capacitor_SMD'.
    ; warning
    @(208.8925 mm, 143.993 mm): Footprint C506
[lib_footprint_mismatch]: Footprint 'C_0201_0603Metric' does not match copy in library 'Capacitor_SMD'.
    ; warning
    @(200.941835 mm, 147.529739 mm): Footprint C502
[lib_footprint_mismatch]: Footprint 'C_0201_0603Metric' does not match copy in library 'Capacitor_SMD'.
    ; warning
    @(204.4 mm, 142.72 mm): Footprint C503
[lib_footprint_mismatch]: Footprint 'C_0201_0603Metric' does not match copy in library 'Capacitor_SMD'.
    ; warning
    @(205.975 mm, 154.125 mm): Footprint C602
[lib_footprint_mismatch]: Footprint 'L_0402_1005Metric' does not match copy in library 'Inductor_SMD'.
    ; warning
    @(202.125001 mm, 154.875 mm): Footprint FB601
[lib_footprint_issues]: The current configuration does not include the footprint library 'Crystal_Kampi'.
    ; warning
    @(199.5 mm, 146.1 mm): Footprint Y501
[lib_footprint_mismatch]: Footprint 'C_0402_1005Metric' does not match copy in library 'Capacitor_SMD'.
    ; warning
    @(208.6 mm, 147.3 mm): Footprint C511
[lib_footprint_issues]: The current configuration does not include the footprint library 'Analog Devices'.
    ; warning
    @(202.653033 mm, 145.111434 mm): Footprint IC501
[lib_footprint_issues]: The current configuration does not include the footprint library 'Package_BGA_Kampi'.
    ; warning
    @(205.525 mm, 155.835 mm): Footprint IC601
[lib_footprint_mismatch]: Footprint 'C_0201_0603Metric' does not match copy in library 'Capacitor_SMD'.
    ; warning
    @(206.425 mm, 157.425 mm): Footprint C604
[lib_footprint_mismatch]: Footprint 'L_0402_1005Metric' does not match copy in library 'Inductor_SMD'.
    ; warning
    @(202.125001 mm, 155.875 mm): Footprint FB602
[lib_footprint_mismatch]: Footprint 'C_0201_0603Metric' does not match copy in library 'Capacitor_SMD'.
    ; warning
    @(208.574999 mm, 156.345 mm): Footprint C610
[lib_footprint_mismatch]: Footprint 'LGA-12_2x2mm_P0.5mm' does not match copy in library 'Package_LGA'.
    ; warning
    @(206.8625 mm, 143.95 mm): Footprint IC502
[lib_footprint_mismatch]: Footprint 'C_0201_0603Metric' does not match copy in library 'Capacitor_SMD'.
    ; warning
    @(208.8925 mm, 144.793 mm): Footprint C507
[lib_footprint_mismatch]: Footprint 'C_0201_0603Metric' does not match copy in library 'Capacitor_SMD'.
    ; warning
    @(204.2 mm, 157.425 mm): Footprint C606
[lib_footprint_mismatch]: Footprint 'C_0201_0603Metric' does not match copy in library 'Capacitor_SMD'.
    ; warning
    @(204.3 mm, 154.125 mm): Footprint C601
[lib_footprint_mismatch]: Footprint 'C_0201_0603Metric' does not match copy in library 'Capacitor_SMD'.
    ; warning
    @(205.275 mm, 154.125 mm): Footprint C605
[lib_footprint_issues]: The current configuration does not include the footprint library 'Amphenol'.
    ; warning
    @(198.8 mm, 150.0 mm): Footprint X701
[lib_footprint_mismatch]: Footprint 'C_0201_0603Metric' does not match copy in library 'Capacitor_SMD'.
    ; warning
    @(208.6 mm, 146.4 mm): Footprint C510
[lib_footprint_mismatch]: Footprint 'C_0201_0603Metric' does not match copy in library 'Capacitor_SMD'.
    ; warning
    @(208.575 mm, 155.625 mm): Footprint C609
[lib_footprint_mismatch]: Footprint 'C_0201_0603Metric' does not match copy in library 'Capacitor_SMD'.
    ; warning
    @(204.9 mm, 157.425 mm): Footprint C607
[lib_footprint_mismatch]: Footprint 'C_0201_0603Metric' does not match copy in library 'Capacitor_SMD'.
    ; warning
    @(208.7 mm, 145.8 mm): Footprint C508
[lib_footprint_mismatch]: Footprint 'C_0201_0603Metric' does not match copy in library 'Capacitor_SMD'.
    ; warning
    @(209.98 mm, 154.7 mm): Footprint C611
[lib_footprint_issues]: The current configuration does not include the footprint library 'Vishay'.
    ; warning
    @(202.2 mm, 150.0 mm): Footprint D501
[lib_footprint_mismatch]: Footprint 'R_0201_0603Metric' does not match copy in library 'Resistor_SMD'.
    ; warning
    @(209.98 mm, 155.5 mm): Footprint R601
[lib_footprint_mismatch]: Footprint 'R_0201_0603Metric' does not match copy in library 'Resistor_SMD'.
    ; warning
    @(203.1 mm, 146.4 mm): Footprint R501
[lib_footprint_mismatch]: Footprint 'C_0201_0603Metric' does not match copy in library 'Capacitor_SMD'.
    ; warning
    @(202.15 mm, 146.4 mm): Footprint C501
[lib_footprint_mismatch]: Footprint 'C_0201_0603Metric' does not match copy in library 'Capacitor_SMD'.
    ; warning
    @(204.755 mm, 146.0 mm): Footprint C509
[lib_footprint_issues]: The current configuration does not include the footprint library 'Osram'.
    ; warning
    @(205.0 mm, 150.0 mm): Footprint LED501
[lib_footprint_issues]: The current configuration does not include the footprint library 'Package_BGA_Kampi'.
    ; warning
    @(206.8 mm, 146.1 mm): Footprint IC503
[lib_footprint_issues]: The current configuration does not include the footprint library 'Vishay'.
    ; warning
    @(207.8 mm, 150.0 mm): Footprint D502

** Found 0 unconnected pads **

** Found 0 Footprint errors **

** End of Report **
